	############ GIT REMOTE 1 #############
	############ GIT REMOTE 1 #############
 A. Melakukan CLONE dari REPOSITORY GITHUB ke dalam REPO GIT Komputer Lokal Kita.
	- caranya copy url repo : https://github.com/irwantosiregar/irwan-git-test.git
 B. Paste pada terminal Git Bash Here.
	- caranya : masuk ke directory/folder yg diinginkan dgn "klik kanan directory/folder, lalu pilih Git Bash Here"
	- ketik : $ git clone https://github.com/irwantosiregar/irwan-git-test.git
	- Selanjutnya Ketik perintah-perintah dibawah ini --->>>

IRWAN@DESKTOP-PUC61V7 MINGW64 ~/Desktop
$ cd irwan-git-test

IRWAN@DESKTOP-PUC61V7 MINGW64 ~/Desktop/irwan-git-test (master)
$ git remote
origin

IRWAN@DESKTOP-PUC61V7 MINGW64 ~/Desktop/irwan-git-test (master)
$ git remote -v
origin  https://github.com/irwantosiregar/irwan-git-test.git (fetch)
origin  https://github.com/irwantosiregar/irwan-git-test.git (push)

IRWAN@DESKTOP-PUC61V7 MINGW64 ~/Desktop/irwan-git-test (master)
$ git status
On branch master
Your branch is up to date with 'origin/master'.

nothing to commit, working tree clean

IRWAN@DESKTOP-PUC61V7 MINGW64 ~/Desktop/irwan-git-test (master)
$ alias graph="git log --all --decorate --oneline --graph"

IRWAN@DESKTOP-PUC61V7 MINGW64 ~/Desktop/irwan-git-test (master)
$ graph
* 05315ff (HEAD -> master, origin/master, origin/HEAD) Initial commit

IRWAN@DESKTOP-PUC61V7 MINGW64 ~/Desktop/irwan-git-test (master)
$ git status
On branch master
Your branch is up to date with 'origin/master'.

Untracked files:
  (use "git add <file>..." to include in what will be committed)
        index.html

nothing added to commit but untracked files present (use "git add" to track)

IRWAN@DESKTOP-PUC61V7 MINGW64 ~/Desktop/irwan-git-test (master)
$ git add .

IRWAN@DESKTOP-PUC61V7 MINGW64 ~/Desktop/irwan-git-test (master)
$ git commit -m "Menambahkan file Index.html"
[master 5e5facd] Menambahkan file Index.html
 1 file changed, 12 insertions(+)
 create mode 100644 index.html

IRWAN@DESKTOP-PUC61V7 MINGW64 ~/Desktop/irwan-git-test (master)
$ git status
On branch master
Your branch is ahead of 'origin/master' by 1 commit.
  (use "git push" to publish your local commits)

nothing to commit, working tree clean

IRWAN@DESKTOP-PUC61V7 MINGW64 ~/Desktop/irwan-git-test (master)
$ graph
* 5e5facd (HEAD -> master) Menambahkan file Index.html
* 05315ff (origin/master, origin/HEAD) Initial commit

IRWAN@DESKTOP-PUC61V7 MINGW64 ~/Desktop/irwan-git-test (master)
$ git push
Enumerating objects: 4, done.
Counting objects: 100% (4/4), done.
Delta compression using up to 8 threads
Compressing objects: 100% (3/3), done.
Writing objects: 100% (3/3), 489 bytes | 244.00 KiB/s, done.
Total 3 (delta 0), reused 0 (delta 0)
To https://github.com/irwantosiregar/irwan-git-test.git
   05315ff..5e5facd  master -> master

IRWAN@DESKTOP-PUC61V7 MINGW64 ~/Desktop/irwan-git-test (master)
$ git status
On branch master
Your branch is up to date with 'origin/master'.

nothing to commit, working tree clean

IRWAN@DESKTOP-PUC61V7 MINGW64 ~/Desktop/irwan-git-test (master)
$ garph
bash: garph: command not found

IRWAN@DESKTOP-PUC61V7 MINGW64 ~/Desktop/irwan-git-test (master)
$ graph
* 5e5facd (HEAD -> master, origin/master, origin/HEAD) Menambahkan file Index.html
* 05315ff Initial commit


IRWAN@DESKTOP-PUC61V7 MINGW64 ~/Desktop/irwan-git-test (master)
$ git config --list
diff.astextplain.textconv=astextplain
filter.lfs.clean=git-lfs clean -- %f
filter.lfs.smudge=git-lfs smudge -- %f
filter.lfs.process=git-lfs filter-process
filter.lfs.required=true
http.sslbackend=openssl
http.sslcainfo=C:/Program Files/Git/mingw64/ssl/certs/ca-bundle.crt
core.autocrlf=true
core.fscache=true
core.symlinks=false
core.editor="C:\\Program Files\\Sublime Text 3\\subl.exe" -w
credential.helper=manager
user.name=Sigadong
user.email=irwanto.regar30@gmail.com
core.repositoryformatversion=0
core.filemode=false
core.bare=false
core.logallrefupdates=true
core.symlinks=false
core.ignorecase=true
remote.origin.url=https://github.com/irwantosiregar/irwan-git-test.git
remote.origin.fetch=+refs/heads/*:refs/remotes/origin/*
branch.master.remote=origin
branch.master.merge=refs/heads/master

IRWAN@DESKTOP-PUC61V7 MINGW64 ~/Desktop/irwan-git-test (master)
$ git config --local user.name "irwanto siregar"

IRWAN@DESKTOP-PUC61V7 MINGW64 ~/Desktop/irwan-git-test (master)
$ git config --local user.email "irwantosiregar@ymail.com"


IRWAN@DESKTOP-PUC61V7 MINGW64 ~/Desktop/irwan-git-test (master)
$ git status
On branch master
Your branch is up to date with 'origin/master'.

Changes not staged for commit:
  (use "git add <file>..." to update what will be committed)
  (use "git restore <file>..." to discard changes in working directory)
        modified:   index.html

no changes added to commit (use "git add" and/or "git commit -a")

IRWAN@DESKTOP-PUC61V7 MINGW64 ~/Desktop/irwan-git-test (master)
$ git commit -am "Menambahkan paragraf pada file index.html"
[master 385cf86] Menambahkan paragraf pada file index.html
 1 file changed, 1 insertion(+)

IRWAN@DESKTOP-PUC61V7 MINGW64 ~/Desktop/irwan-git-test (master)
$ graph
* 385cf86 (HEAD -> master) Menambahkan paragraf pada file index.html
* 5e5facd (origin/master, origin/HEAD) Menambahkan file Index.html
* 05315ff Initial commit

IRWAN@DESKTOP-PUC61V7 MINGW64 ~/Desktop/irwan-git-test (master)
$ git push
Enumerating objects: 5, done.
Counting objects: 100% (5/5), done.
Delta compression using up to 8 threads
Compressing objects: 100% (3/3), done.
Writing objects: 100% (3/3), 479 bytes | 239.00 KiB/s, done.
Total 3 (delta 1), reused 0 (delta 0)
remote: Resolving deltas: 100% (1/1), completed with 1 local object.
To https://github.com/irwantosiregar/irwan-git-test.git
   5e5facd..385cf86  master -> master

IRWAN@DESKTOP-PUC61V7 MINGW64 ~/Desktop/irwan-git-test (master)
$ git status
On branch master
Your branch is up to date with 'origin/master'.

nothing to commit, working tree clean

IRWAN@DESKTOP-PUC61V7 MINGW64 ~/Desktop/irwan-git-test (master)
$



############ GIT REMOTE-2 #############
############ GIT REMOTE-2 #############
 A. Melakukan CLONE dari REPO GIT Komputer Lokal Kita Ke dalam REPOSITORY GITHUB.
	-Caranya : Buat Repo Baru di Github dengan nama yg sama pada git lokal kita, misal "irwan-git-test-2"
	- Sebelum Klik Create Repository, JANGAN ceklis 'Initialize this repository with a README', agar tampil intruksi seperti berikut :
	   {{
		…or push an existing repository from the command line
		git remote add origin https://github.com/irwantosiregar/irwan-git-test-2.git
		git push -u origin master
					}}.
B. Paste pada terminal Git Bash Here.
	- caranya : masuk ke directory/folder yg diinginkan dgn "klik kanan directory/folder, lalu pilih Git Bash Here"
	- ketik : git remote add origin https://github.com/irwantosiregar/irwan-git-test-2.git
	- Atau Ketik seperti perintah-perintah dibawah ini --->>>


IRWAN@DESKTOP-PUC61V7 MINGW64 ~/Desktop/irwan-git-test (master)
$ cd ..

IRWAN@DESKTOP-PUC61V7 MINGW64 ~/Desktop
$ mkdir irwan-git-test-2

IRWAN@DESKTOP-PUC61V7 MINGW64 ~/Desktop
$ cd irwan-git-test-2

IRWAN@DESKTOP-PUC61V7 MINGW64 ~/Desktop/irwan-git-test-2
$ git init
Initialized empty Git repository in C:/Users/IRWAN/Desktop/irwan-git-test-2/.git/

IRWAN@DESKTOP-PUC61V7 MINGW64 ~/Desktop/irwan-git-test-2 (master)
$ ls
index.html

IRWAN@DESKTOP-PUC61V7 MINGW64 ~/Desktop/irwan-git-test-2 (master)
$ git add .

IRWAN@DESKTOP-PUC61V7 MINGW64 ~/Desktop/irwan-git-test-2 (master)
$ git commit -m "Menambahkan file index.html"
[master (root-commit) ab302e7] Menambahkan file index.html
 1 file changed, 12 insertions(+)
 create mode 100644 index.html

IRWAN@DESKTOP-PUC61V7 MINGW64 ~/Desktop/irwan-git-test-2 (master)
$ graph
* ab302e7 (HEAD -> master) Menambahkan file index.html

IRWAN@DESKTOP-PUC61V7 MINGW64 ~/Desktop/irwan-git-test-2 (master)
$ git commit -am "Menambahkan paragraf"
[master 8729119] Menambahkan paragraf
 1 file changed, 2 insertions(+), 1 deletion(-)

IRWAN@DESKTOP-PUC61V7 MINGW64 ~/Desktop/irwan-git-test-2 (master)
$ graph
* 8729119 (HEAD -> master) Menambahkan paragraf
* ab302e7 Menambahkan file index.html

IRWAN@DESKTOP-PUC61V7 MINGW64 ~/Desktop/irwan-git-test-2 (master)
$ git remote

IRWAN@DESKTOP-PUC61V7 MINGW64 ~/Desktop/irwan-git-test-2 (master)
$ git remote add origin https://github.com/irwantosiregar/irwan-git-test-2.git

IRWAN@DESKTOP-PUC61V7 MINGW64 ~/Desktop/irwan-git-test-2 (master)
$ git remote
origin

IRWAN@DESKTOP-PUC61V7 MINGW64 ~/Desktop/irwan-git-test-2 (master)
$ git remote -v
origin  https://github.com/irwantosiregar/irwan-git-test-2.git (fetch)
origin  https://github.com/irwantosiregar/irwan-git-test-2.git (push)

IRWAN@DESKTOP-PUC61V7 MINGW64 ~/Desktop/irwan-git-test-2 (master)
$ git push -u origin master
Enumerating objects: 6, done.
Counting objects: 100% (6/6), done.
Delta compression using up to 8 threads
Compressing objects: 100% (4/4), done.
Writing objects: 100% (6/6), 808 bytes | 53.00 KiB/s, done.
Total 6 (delta 1), reused 0 (delta 0)
remote: Resolving deltas: 100% (1/1), done.
To https://github.com/irwantosiregar/irwan-git-test-2.git
 * [new branch]      master -> master
Branch 'master' set up to track remote branch 'master' from 'origin'.

IRWAN@DESKTOP-PUC61V7 MINGW64 ~/Desktop/irwan-git-test-2 (master)
$ git status
On branch master
Your branch is up to date with 'origin/master'.

nothing to commit, working tree clean

IRWAN@DESKTOP-PUC61V7 MINGW64 ~/Desktop/irwan-git-test-2 (master)
$ git commit -am "menambah list"
[master e4b1f96] menambah list
 1 file changed, 5 insertions(+), 1 deletion(-)

IRWAN@DESKTOP-PUC61V7 MINGW64 ~/Desktop/irwan-git-test-2 (master)
$ graph
* e4b1f96 (HEAD -> master) menambah list
* 8729119 (origin/master) Menambahkan paragraf
* ab302e7 Menambahkan file index.html

IRWAN@DESKTOP-PUC61V7 MINGW64 ~/Desktop/irwan-git-test-2 (master)
$ git push
Enumerating objects: 5, done.
Counting objects: 100% (5/5), done.
Delta compression using up to 8 threads
Compressing objects: 100% (2/2), done.
Writing objects: 100% (3/3), 321 bytes | 107.00 KiB/s, done.
Total 3 (delta 1), reused 0 (delta 0)
remote: Resolving deltas: 100% (1/1), completed with 1 local object.
To https://github.com/irwantosiregar/irwan-git-test-2.git
   8729119..e4b1f96  master -> master

IRWAN@DESKTOP-PUC61V7 MINGW64 ~/Desktop/irwan-git-test-2 (master)
$
*
*
LANJUTAN
*
*
############ GIT REMOTE-3 #############
 A. Melakukan Push dari REPO GIT Komputer Lokal Kita Ke dalam REPOSITORY GITHUB.
	- ketika melakukan Push suatu perubahan dari REPO GIT Komputer Lokal Kita Ke dalam REPOSITORY GITHUB sementara
		ada teman kita yg melakukan perubahan yg sama pada repo github tanpa saling mengetahui. maka disini akan mengalami
		sebuah conflik
	- pada terminal ketik : 'git status', maka akan terlihat bahwa branch kita lebih dlu maju satu commit dr yg di remote


B. Cara mengatasinya :
	- ketik : git fetch => utk memeriksa commit yg ada di repo sudah sampai dimana, apakah sama/tidak.
	- ketik : git status => utk melihat branch cabang yg berbeda
	- ketik : git pull=> utk menarik perubahan yg berbeda tersebut dari repo github

IRWAN@DESKTOP-PUC61V7 MINGW64 ~/Desktop/irwan-git-test-2 (master)
$ graph
* e4b1f96 (HEAD -> master, origin/master) menambah list
* 8729119 Menambahkan paragraf
* ab302e7 Menambahkan file index.html

IRWAN@DESKTOP-PUC61V7 MINGW64 ~/Desktop/irwan-git-test-2 (master)
$ git add .

IRWAN@DESKTOP-PUC61V7 MINGW64 ~/Desktop/irwan-git-test-2 (master)
$ git commit -m "menambahkan file style.css"
[master ab36635] menambahkan file style.css
 1 file changed, 3 insertions(+)
 create mode 100644 style.css

IRWAN@DESKTOP-PUC61V7 MINGW64 ~/Desktop/irwan-git-test-2 (master)
$ git push
To https://github.com/irwantosiregar/irwan-git-test-2.git
 ! [rejected]        master -> master (fetch first)
error: failed to push some refs to 'https://github.com/irwantosiregar/irwan-git-test-2.git'
hint: Updates were rejected because the remote contains work that you do
hint: not have locally. This is usually caused by another repository pushing
hint: to the same ref. You may want to first integrate the remote changes
hint: (e.g., 'git pull ...') before pushing again.
hint: See the 'Note about fast-forwards' in 'git push --help' for details.

IRWAN@DESKTOP-PUC61V7 MINGW64 ~/Desktop/irwan-git-test-2 (master)
$ git status
On branch master
Your branch is ahead of 'origin/master' by 1 commit.
  (use "git push" to publish your local commits)

nothing to commit, working tree clean

IRWAN@DESKTOP-PUC61V7 MINGW64 ~/Desktop/irwan-git-test-2 (master)
$ git fetch
remote: Enumerating objects: 4, done.
remote: Counting objects: 100% (4/4), done.
remote: Compressing objects: 100% (2/2), done.
remote: Total 3 (delta 0), reused 0 (delta 0), pack-reused 0
Unpacking objects: 100% (3/3), done.
From https://github.com/irwantosiregar/irwan-git-test-2
   e4b1f96..b7aa178  master     -> origin/master

IRWAN@DESKTOP-PUC61V7 MINGW64 ~/Desktop/irwan-git-test-2 (master)
$ git status
On branch master
Your branch and 'origin/master' have diverged,
and have 1 and 1 different commits each, respectively.
  (use "git pull" to merge the remote branch into yours)

nothing to commit, working tree clean

IRWAN@DESKTOP-PUC61V7 MINGW64 ~/Desktop/irwan-git-test-2 (master)
$ graph
* ab36635 (HEAD -> master) menambahkan file style.css
| * b7aa178 (origin/master) Menambahkan file css
|/
* e4b1f96 menambah list
* 8729119 Menambahkan paragraf
* ab302e7 Menambahkan file index.html

IRWAN@DESKTOP-PUC61V7 MINGW64 ~/Desktop/irwan-git-test-2 (master)
$ git pull
CONFLICT (add/add): Merge conflict in style.css
Auto-merging style.css
Automatic merge failed; fix conflicts and then commit the result.

IRWAN@DESKTOP-PUC61V7 MINGW64 ~/Desktop/irwan-git-test-2 (master|MERGING)
$ git status
On branch master
Your branch and 'origin/master' have diverged,
and have 1 and 1 different commits each, respectively.
  (use "git pull" to merge the remote branch into yours)

You have unmerged paths.
  (fix conflicts and run "git commit")
  (use "git merge --abort" to abort the merge)

Unmerged paths:
  (use "git add <file>..." to mark resolution)
        both added:      style.css

no changes added to commit (use "git add" and/or "git commit -a")

IRWAN@DESKTOP-PUC61V7 MINGW64 ~/Desktop/irwan-git-test-2 (master|MERGING)
$ git add .

IRWAN@DESKTOP-PUC61V7 MINGW64 ~/Desktop/irwan-git-test-2 (master|MERGING)
$ git commit -m "Mengubah isi file style.css"
[master b9685c3] Mengubah isi file style.css

IRWAN@DESKTOP-PUC61V7 MINGW64 ~/Desktop/irwan-git-test-2 (master)
$ git status
On branch master
Your branch is ahead of 'origin/master' by 2 commits.
  (use "git push" to publish your local commits)

nothing to commit, working tree clean

IRWAN@DESKTOP-PUC61V7 MINGW64 ~/Desktop/irwan-git-test-2 (master)
$ git push
Enumerating objects: 7, done.
Counting objects: 100% (7/7), done.
Delta compression using up to 8 threads
Compressing objects: 100% (3/3), done.
Writing objects: 100% (4/4), 512 bytes | 128.00 KiB/s, done.
Total 4 (delta 0), reused 0 (delta 0)
To https://github.com/irwantosiregar/irwan-git-test-2.git
   b7aa178..b9685c3  master -> master

IRWAN@DESKTOP-PUC61V7 MINGW64 ~/Desktop/irwan-git-test-2 (master)
$ graph
*   b9685c3 (HEAD -> master, origin/master) Mengubah isi file style.css
|\
| * b7aa178 Menambahkan file css
* | ab36635 menambahkan file style.css
|/
* e4b1f96 menambah list
* 8729119 Menambahkan paragraf
* ab302e7 Menambahkan file index.html

IRWAN@DESKTOP-PUC61V7 MINGW64 ~/Desktop/irwan-git-test-2 (master)
$



















